// Vitest Snapshot v1, https://vitest.dev/guide/snapshot.html

exports[`lexer > should tokenize fixtures ../tests/fixtures/bold.01.md 1`] = `
[
  Token {
    "type": "Word",
    "value": "This",
  },
  Token {
    "type": "WhiteSpace",
    "value": " ",
  },
  Token {
    "type": "Word",
    "value": "text",
  },
  Token {
    "type": "WhiteSpace",
    "value": " ",
  },
  Token {
    "type": "Word",
    "value": "is",
  },
  Token {
    "type": "WhiteSpace",
    "value": " ",
  },
  Token {
    "type": "Symbol",
    "value": "*",
  },
  Token {
    "type": "Symbol",
    "value": "*",
  },
  Token {
    "type": "Word",
    "value": "bold",
  },
  Token {
    "type": "Symbol",
    "value": "*",
  },
  Token {
    "type": "Symbol",
    "value": "*",
  },
  Token {
    "type": "EndOfFile",
    "value": "",
  },
]
`;

exports[`lexer > should tokenize fixtures ../tests/fixtures/component.01.md 1`] = `
[
  Token {
    "type": "Symbol",
    "value": ":",
  },
  Token {
    "type": "Symbol",
    "value": ":",
  },
  Token {
    "type": "WhiteSpace",
    "value": " ",
  },
  Token {
    "type": "Word",
    "value": "script",
  },
  Token {
    "type": "Symbol",
    "value": "-",
  },
  Token {
    "type": "Word",
    "value": "block",
  },
  Token {
    "type": "BreakLine",
    "value": "
",
  },
  Token {
    "type": "WhiteSpace",
    "value": "    ",
  },
  Token {
    "type": "Word",
    "value": "import",
  },
  Token {
    "type": "WhiteSpace",
    "value": " ",
  },
  Token {
    "type": "Symbol",
    "value": "{",
  },
  Token {
    "type": "WhiteSpace",
    "value": " ",
  },
  Token {
    "type": "Word",
    "value": "useBlock",
  },
  Token {
    "type": "WhiteSpace",
    "value": " ",
  },
  Token {
    "type": "Symbol",
    "value": "}",
  },
  Token {
    "type": "WhiteSpace",
    "value": " ",
  },
  Token {
    "type": "Word",
    "value": "from",
  },
  Token {
    "type": "WhiteSpace",
    "value": " ",
  },
  Token {
    "type": "Symbol",
    "value": "'",
  },
  Token {
    "type": "Symbol",
    "value": "#",
  },
  Token {
    "type": "Word",
    "value": "app",
  },
  Token {
    "type": "Symbol",
    "value": "'",
  },
  Token {
    "type": "BreakLine",
    "value": "
",
  },
  Token {
    "type": "BreakLine",
    "value": "
",
  },
  Token {
    "type": "WhiteSpace",
    "value": "    ",
  },
  Token {
    "type": "Word",
    "value": "const",
  },
  Token {
    "type": "WhiteSpace",
    "value": " ",
  },
  Token {
    "type": "Word",
    "value": "block",
  },
  Token {
    "type": "WhiteSpace",
    "value": " ",
  },
  Token {
    "type": "Symbol",
    "value": "=",
  },
  Token {
    "type": "WhiteSpace",
    "value": " ",
  },
  Token {
    "type": "Word",
    "value": "useBlock",
  },
  Token {
    "type": "Symbol",
    "value": "(",
  },
  Token {
    "type": "Symbol",
    "value": ")",
  },
  Token {
    "type": "BreakLine",
    "value": "
",
  },
  Token {
    "type": "BreakLine",
    "value": "
",
  },
  Token {
    "type": "WhiteSpace",
    "value": "    ",
  },
  Token {
    "type": "Word",
    "value": "const",
  },
  Token {
    "type": "WhiteSpace",
    "value": " ",
  },
  Token {
    "type": "Word",
    "value": "sum",
  },
  Token {
    "type": "WhiteSpace",
    "value": " ",
  },
  Token {
    "type": "Symbol",
    "value": "=",
  },
  Token {
    "type": "WhiteSpace",
    "value": " ",
  },
  Token {
    "type": "Symbol",
    "value": "(",
  },
  Token {
    "type": "Word",
    "value": "a",
  },
  Token {
    "type": "WhiteSpace",
    "value": " ",
  },
  Token {
    "type": "Symbol",
    "value": ",",
  },
  Token {
    "type": "WhiteSpace",
    "value": " ",
  },
  Token {
    "type": "Word",
    "value": "b",
  },
  Token {
    "type": "Symbol",
    "value": ")",
  },
  Token {
    "type": "WhiteSpace",
    "value": " ",
  },
  Token {
    "type": "Symbol",
    "value": "=",
  },
  Token {
    "type": "Symbol",
    "value": ">",
  },
  Token {
    "type": "WhiteSpace",
    "value": " ",
  },
  Token {
    "type": "Word",
    "value": "a",
  },
  Token {
    "type": "WhiteSpace",
    "value": " ",
  },
  Token {
    "type": "Symbol",
    "value": "+",
  },
  Token {
    "type": "WhiteSpace",
    "value": " ",
  },
  Token {
    "type": "Word",
    "value": "b",
  },
  Token {
    "type": "BreakLine",
    "value": "
",
  },
  Token {
    "type": "BreakLine",
    "value": "
",
  },
  Token {
    "type": "WhiteSpace",
    "value": "    ",
  },
  Token {
    "type": "Word",
    "value": "console",
  },
  Token {
    "type": "Symbol",
    "value": ".",
  },
  Token {
    "type": "Word",
    "value": "log",
  },
  Token {
    "type": "Symbol",
    "value": "(",
  },
  Token {
    "type": "Symbol",
    "value": "'",
  },
  Token {
    "type": "Word",
    "value": "begin",
  },
  Token {
    "type": "WhiteSpace",
    "value": " ",
  },
  Token {
    "type": "Word",
    "value": "sum",
  },
  Token {
    "type": "Symbol",
    "value": "'",
  },
  Token {
    "type": "Symbol",
    "value": ")",
  },
  Token {
    "type": "BreakLine",
    "value": "
",
  },
  Token {
    "type": "BreakLine",
    "value": "
",
  },
  Token {
    "type": "WhiteSpace",
    "value": "    ",
  },
  Token {
    "type": "Word",
    "value": "const",
  },
  Token {
    "type": "WhiteSpace",
    "value": " ",
  },
  Token {
    "type": "Word",
    "value": "result",
  },
  Token {
    "type": "WhiteSpace",
    "value": " ",
  },
  Token {
    "type": "Symbol",
    "value": "=",
  },
  Token {
    "type": "WhiteSpace",
    "value": " ",
  },
  Token {
    "type": "Word",
    "value": "sum",
  },
  Token {
    "type": "Symbol",
    "value": "(",
  },
  Token {
    "type": "Word",
    "value": "5",
  },
  Token {
    "type": "Symbol",
    "value": ",",
  },
  Token {
    "type": "WhiteSpace",
    "value": " ",
  },
  Token {
    "type": "Word",
    "value": "10",
  },
  Token {
    "type": "Symbol",
    "value": ")",
  },
  Token {
    "type": "BreakLine",
    "value": "
",
  },
  Token {
    "type": "BreakLine",
    "value": "
",
  },
  Token {
    "type": "WhiteSpace",
    "value": "    ",
  },
  Token {
    "type": "Word",
    "value": "block",
  },
  Token {
    "type": "Symbol",
    "value": ".",
  },
  Token {
    "type": "Word",
    "value": "setText",
  },
  Token {
    "type": "Symbol",
    "value": "(",
  },
  Token {
    "type": "Word",
    "value": "result",
  },
  Token {
    "type": "Symbol",
    "value": ")",
  },
  Token {
    "type": "BreakLine",
    "value": "
",
  },
  Token {
    "type": "BreakLine",
    "value": "
",
  },
  Token {
    "type": "WhiteSpace",
    "value": "    ",
  },
  Token {
    "type": "Word",
    "value": "console",
  },
  Token {
    "type": "Symbol",
    "value": ".",
  },
  Token {
    "type": "Word",
    "value": "log",
  },
  Token {
    "type": "Symbol",
    "value": "(",
  },
  Token {
    "type": "Symbol",
    "value": "'",
  },
  Token {
    "type": "Word",
    "value": "end",
  },
  Token {
    "type": "WhiteSpace",
    "value": " ",
  },
  Token {
    "type": "Word",
    "value": "sum",
  },
  Token {
    "type": "Symbol",
    "value": "'",
  },
  Token {
    "type": "Symbol",
    "value": ")",
  },
  Token {
    "type": "EndOfFile",
    "value": "",
  },
]
`;

exports[`lexer > should tokenize fixtures ../tests/fixtures/component.02.md 1`] = `
[
  Token {
    "type": "BreakLine",
    "value": "
",
  },
  Token {
    "type": "Symbol",
    "value": ":",
  },
  Token {
    "type": "Symbol",
    "value": ":",
  },
  Token {
    "type": "WhiteSpace",
    "value": " ",
  },
  Token {
    "type": "Word",
    "value": "v",
  },
  Token {
    "type": "Symbol",
    "value": "-",
  },
  Token {
    "type": "Word",
    "value": "table",
  },
  Token {
    "type": "Symbol",
    "value": "-",
  },
  Token {
    "type": "Word",
    "value": "script",
  },
  Token {
    "type": "BreakLine",
    "value": "
",
  },
  Token {
    "type": "BreakLine",
    "value": "
",
  },
  Token {
    "type": "WhiteSpace",
    "value": "    ",
  },
  Token {
    "type": "Word",
    "value": "import",
  },
  Token {
    "type": "WhiteSpace",
    "value": " ",
  },
  Token {
    "type": "Symbol",
    "value": "{",
  },
  Token {
    "type": "WhiteSpace",
    "value": " ",
  },
  Token {
    "type": "Word",
    "value": "useTable",
  },
  Token {
    "type": "Symbol",
    "value": ",",
  },
  Token {
    "type": "WhiteSpace",
    "value": " ",
  },
  Token {
    "type": "Word",
    "value": "useCollection",
  },
  Token {
    "type": "WhiteSpace",
    "value": " ",
  },
  Token {
    "type": "Symbol",
    "value": "}",
  },
  Token {
    "type": "WhiteSpace",
    "value": " ",
  },
  Token {
    "type": "Word",
    "value": "from",
  },
  Token {
    "type": "WhiteSpace",
    "value": " ",
  },
  Token {
    "type": "Symbol",
    "value": "'",
  },
  Token {
    "type": "Symbol",
    "value": "#",
  },
  Token {
    "type": "Word",
    "value": "app",
  },
  Token {
    "type": "Symbol",
    "value": "'",
  },
  Token {
    "type": "BreakLine",
    "value": "
",
  },
  Token {
    "type": "BreakLine",
    "value": "
",
  },
  Token {
    "type": "WhiteSpace",
    "value": "    ",
  },
  Token {
    "type": "Word",
    "value": "const",
  },
  Token {
    "type": "WhiteSpace",
    "value": " ",
  },
  Token {
    "type": "Word",
    "value": "table",
  },
  Token {
    "type": "WhiteSpace",
    "value": " ",
  },
  Token {
    "type": "Symbol",
    "value": "=",
  },
  Token {
    "type": "WhiteSpace",
    "value": " ",
  },
  Token {
    "type": "Word",
    "value": "useTable",
  },
  Token {
    "type": "Symbol",
    "value": "(",
  },
  Token {
    "type": "Symbol",
    "value": ")",
  },
  Token {
    "type": "BreakLine",
    "value": "
",
  },
  Token {
    "type": "WhiteSpace",
    "value": "    ",
  },
  Token {
    "type": "Word",
    "value": "const",
  },
  Token {
    "type": "WhiteSpace",
    "value": " ",
  },
  Token {
    "type": "Word",
    "value": "colletion",
  },
  Token {
    "type": "WhiteSpace",
    "value": " ",
  },
  Token {
    "type": "Symbol",
    "value": "=",
  },
  Token {
    "type": "WhiteSpace",
    "value": " ",
  },
  Token {
    "type": "Word",
    "value": "useCollection",
  },
  Token {
    "type": "Symbol",
    "value": "(",
  },
  Token {
    "type": "Symbol",
    "value": "'",
  },
  Token {
    "type": "Word",
    "value": "todos",
  },
  Token {
    "type": "Symbol",
    "value": "'",
  },
  Token {
    "type": "Symbol",
    "value": ")",
  },
  Token {
    "type": "BreakLine",
    "value": "
",
  },
  Token {
    "type": "BreakLine",
    "value": "
",
  },
  Token {
    "type": "WhiteSpace",
    "value": "    ",
  },
  Token {
    "type": "Word",
    "value": "const",
  },
  Token {
    "type": "WhiteSpace",
    "value": " ",
  },
  Token {
    "type": "Word",
    "value": "response",
  },
  Token {
    "type": "WhiteSpace",
    "value": " ",
  },
  Token {
    "type": "Symbol",
    "value": "=",
  },
  Token {
    "type": "WhiteSpace",
    "value": " ",
  },
  Token {
    "type": "Word",
    "value": "await",
  },
  Token {
    "type": "WhiteSpace",
    "value": " ",
  },
  Token {
    "type": "Word",
    "value": "collection",
  },
  Token {
    "type": "Symbol",
    "value": ".",
  },
  Token {
    "type": "Word",
    "value": "findAll",
  },
  Token {
    "type": "Symbol",
    "value": "(",
  },
  Token {
    "type": "Symbol",
    "value": ")",
  },
  Token {
    "type": "BreakLine",
    "value": "
",
  },
  Token {
    "type": "BreakLine",
    "value": "
",
  },
  Token {
    "type": "WhiteSpace",
    "value": "    ",
  },
  Token {
    "type": "Word",
    "value": "console",
  },
  Token {
    "type": "Symbol",
    "value": ".",
  },
  Token {
    "type": "Word",
    "value": "log",
  },
  Token {
    "type": "Symbol",
    "value": "(",
  },
  Token {
    "type": "Symbol",
    "value": "'",
  },
  Token {
    "type": "Word",
    "value": "Meta",
  },
  Token {
    "type": "Symbol",
    "value": "'",
  },
  Token {
    "type": "Symbol",
    "value": ",",
  },
  Token {
    "type": "WhiteSpace",
    "value": " ",
  },
  Token {
    "type": "Word",
    "value": "response",
  },
  Token {
    "type": "Symbol",
    "value": ".",
  },
  Token {
    "type": "Word",
    "value": "meta",
  },
  Token {
    "type": "Symbol",
    "value": ")",
  },
  Token {
    "type": "BreakLine",
    "value": "
",
  },
  Token {
    "type": "WhiteSpace",
    "value": "    
    ",
  },
  Token {
    "type": "Word",
    "value": "table",
  },
  Token {
    "type": "Symbol",
    "value": ".",
  },
  Token {
    "type": "Word",
    "value": "setItems",
  },
  Token {
    "type": "Symbol",
    "value": "(",
  },
  Token {
    "type": "Word",
    "value": "response",
  },
  Token {
    "type": "Symbol",
    "value": ".",
  },
  Token {
    "type": "Word",
    "value": "data",
  },
  Token {
    "type": "Symbol",
    "value": ")",
  },
  Token {
    "type": "EndOfFile",
    "value": "",
  },
]
`;

exports[`lexer > should tokenize fixtures ../tests/fixtures/component.03.md 1`] = `
[
  Token {
    "type": "Symbol",
    "value": "#",
  },
  Token {
    "type": "Symbol",
    "value": "#",
  },
  Token {
    "type": "WhiteSpace",
    "value": " ",
  },
  Token {
    "type": "Word",
    "value": "Component",
  },
  Token {
    "type": "WhiteSpace",
    "value": " ",
  },
  Token {
    "type": "Word",
    "value": "with",
  },
  Token {
    "type": "WhiteSpace",
    "value": " ",
  },
  Token {
    "type": "Word",
    "value": "script",
  },
  Token {
    "type": "BreakLine",
    "value": "
",
  },
  Token {
    "type": "BreakLine",
    "value": "
",
  },
  Token {
    "type": "Symbol",
    "value": ":",
  },
  Token {
    "type": "Symbol",
    "value": ":",
  },
  Token {
    "type": "WhiteSpace",
    "value": " ",
  },
  Token {
    "type": "Word",
    "value": "v",
  },
  Token {
    "type": "Symbol",
    "value": "-",
  },
  Token {
    "type": "Word",
    "value": "table",
  },
  Token {
    "type": "Symbol",
    "value": "-",
  },
  Token {
    "type": "Word",
    "value": "script",
  },
  Token {
    "type": "BreakLine",
    "value": "
",
  },
  Token {
    "type": "WhiteSpace",
    "value": "    ",
  },
  Token {
    "type": "Symbol",
    "value": "#",
  },
  Token {
    "type": "Word",
    "value": "color",
  },
  Token {
    "type": "Symbol",
    "value": "=",
  },
  Token {
    "type": "Symbol",
    "value": "\\"",
  },
  Token {
    "type": "Symbol",
    "value": "#",
  },
  Token {
    "type": "Word",
    "value": "fff",
  },
  Token {
    "type": "Symbol",
    "value": "\\"",
  },
  Token {
    "type": "BreakLine",
    "value": "
",
  },
  Token {
    "type": "WhiteSpace",
    "value": "    ",
  },
  Token {
    "type": "Symbol",
    "value": "#",
  },
  Token {
    "type": "Word",
    "value": "no",
  },
  Token {
    "type": "Symbol",
    "value": "-",
  },
  Token {
    "type": "Word",
    "value": "footer",
  },
  Token {
    "type": "BreakLine",
    "value": "
",
  },
  Token {
    "type": "BreakLine",
    "value": "
",
  },
  Token {
    "type": "WhiteSpace",
    "value": "    ",
  },
  Token {
    "type": "Word",
    "value": "import",
  },
  Token {
    "type": "WhiteSpace",
    "value": " ",
  },
  Token {
    "type": "Symbol",
    "value": "{",
  },
  Token {
    "type": "WhiteSpace",
    "value": " ",
  },
  Token {
    "type": "Word",
    "value": "useTable",
  },
  Token {
    "type": "Symbol",
    "value": ",",
  },
  Token {
    "type": "WhiteSpace",
    "value": " ",
  },
  Token {
    "type": "Word",
    "value": "useScript",
  },
  Token {
    "type": "WhiteSpace",
    "value": " ",
  },
  Token {
    "type": "Symbol",
    "value": "}",
  },
  Token {
    "type": "WhiteSpace",
    "value": " ",
  },
  Token {
    "type": "Word",
    "value": "from",
  },
  Token {
    "type": "WhiteSpace",
    "value": " ",
  },
  Token {
    "type": "Symbol",
    "value": "'",
  },
  Token {
    "type": "Symbol",
    "value": "#",
  },
  Token {
    "type": "Word",
    "value": "app",
  },
  Token {
    "type": "Symbol",
    "value": "'",
  },
  Token {
    "type": "BreakLine",
    "value": "
",
  },
  Token {
    "type": "BreakLine",
    "value": "
",
  },
  Token {
    "type": "WhiteSpace",
    "value": "    ",
  },
  Token {
    "type": "Word",
    "value": "const",
  },
  Token {
    "type": "WhiteSpace",
    "value": " ",
  },
  Token {
    "type": "Word",
    "value": "table",
  },
  Token {
    "type": "WhiteSpace",
    "value": " ",
  },
  Token {
    "type": "Symbol",
    "value": "=",
  },
  Token {
    "type": "WhiteSpace",
    "value": " ",
  },
  Token {
    "type": "Word",
    "value": "useTable",
  },
  Token {
    "type": "Symbol",
    "value": "(",
  },
  Token {
    "type": "Symbol",
    "value": ")",
  },
  Token {
    "type": "BreakLine",
    "value": "
",
  },
  Token {
    "type": "WhiteSpace",
    "value": "    ",
  },
  Token {
    "type": "Word",
    "value": "const",
  },
  Token {
    "type": "WhiteSpace",
    "value": " ",
  },
  Token {
    "type": "Word",
    "value": "doneTodoScript",
  },
  Token {
    "type": "WhiteSpace",
    "value": " ",
  },
  Token {
    "type": "Symbol",
    "value": "=",
  },
  Token {
    "type": "WhiteSpace",
    "value": " ",
  },
  Token {
    "type": "Word",
    "value": "useScript",
  },
  Token {
    "type": "Symbol",
    "value": "(",
  },
  Token {
    "type": "Symbol",
    "value": "'",
  },
  Token {
    "type": "Word",
    "value": "done",
  },
  Token {
    "type": "Symbol",
    "value": "-",
  },
  Token {
    "type": "Word",
    "value": "todos",
  },
  Token {
    "type": "Symbol",
    "value": ".",
  },
  Token {
    "type": "Word",
    "value": "ts",
  },
  Token {
    "type": "Symbol",
    "value": "'",
  },
  Token {
    "type": "Symbol",
    "value": ")",
  },
  Token {
    "type": "BreakLine",
    "value": "
",
  },
  Token {
    "type": "BreakLine",
    "value": "
",
  },
  Token {
    "type": "WhiteSpace",
    "value": "    ",
  },
  Token {
    "type": "Word",
    "value": "const",
  },
  Token {
    "type": "WhiteSpace",
    "value": " ",
  },
  Token {
    "type": "Word",
    "value": "response",
  },
  Token {
    "type": "WhiteSpace",
    "value": " ",
  },
  Token {
    "type": "Symbol",
    "value": "=",
  },
  Token {
    "type": "WhiteSpace",
    "value": " ",
  },
  Token {
    "type": "Word",
    "value": "await",
  },
  Token {
    "type": "WhiteSpace",
    "value": " ",
  },
  Token {
    "type": "Word",
    "value": "doneTodoScript",
  },
  Token {
    "type": "Symbol",
    "value": ".",
  },
  Token {
    "type": "Word",
    "value": "execute",
  },
  Token {
    "type": "Symbol",
    "value": "(",
  },
  Token {
    "type": "Symbol",
    "value": ")",
  },
  Token {
    "type": "BreakLine",
    "value": "
",
  },
  Token {
    "type": "WhiteSpace",
    "value": "    
    ",
  },
  Token {
    "type": "Word",
    "value": "table",
  },
  Token {
    "type": "Symbol",
    "value": ".",
  },
  Token {
    "type": "Word",
    "value": "setItems",
  },
  Token {
    "type": "Symbol",
    "value": "(",
  },
  Token {
    "type": "Word",
    "value": "response",
  },
  Token {
    "type": "Symbol",
    "value": ".",
  },
  Token {
    "type": "Word",
    "value": "data",
  },
  Token {
    "type": "Symbol",
    "value": ")",
  },
  Token {
    "type": "BreakLine",
    "value": "
",
  },
  Token {
    "type": "EndOfFile",
    "value": "",
  },
]
`;

exports[`lexer > should tokenize fixtures ../tests/fixtures/content.01.md 1`] = `
[
  Token {
    "type": "Symbol",
    "value": "#",
  },
  Token {
    "type": "WhiteSpace",
    "value": " ",
  },
  Token {
    "type": "Word",
    "value": "Content",
  },
  Token {
    "type": "WhiteSpace",
    "value": " ",
  },
  Token {
    "type": "Word",
    "value": "01",
  },
  Token {
    "type": "BreakLine",
    "value": "
",
  },
  Token {
    "type": "BreakLine",
    "value": "
",
  },
  Token {
    "type": "Word",
    "value": "Lorem",
  },
  Token {
    "type": "WhiteSpace",
    "value": " ",
  },
  Token {
    "type": "Word",
    "value": "ipsum",
  },
  Token {
    "type": "WhiteSpace",
    "value": " ",
  },
  Token {
    "type": "Word",
    "value": "dolor",
  },
  Token {
    "type": "WhiteSpace",
    "value": " ",
  },
  Token {
    "type": "Word",
    "value": "sit",
  },
  Token {
    "type": "WhiteSpace",
    "value": " ",
  },
  Token {
    "type": "Word",
    "value": "amet",
  },
  Token {
    "type": "Symbol",
    "value": ",",
  },
  Token {
    "type": "WhiteSpace",
    "value": " ",
  },
  Token {
    "type": "Word",
    "value": "consectetur",
  },
  Token {
    "type": "WhiteSpace",
    "value": " ",
  },
  Token {
    "type": "Word",
    "value": "adipiscing",
  },
  Token {
    "type": "WhiteSpace",
    "value": " ",
  },
  Token {
    "type": "Word",
    "value": "elit",
  },
  Token {
    "type": "Symbol",
    "value": ".",
  },
  Token {
    "type": "WhiteSpace",
    "value": " ",
  },
  Token {
    "type": "Word",
    "value": "Phasellus",
  },
  Token {
    "type": "WhiteSpace",
    "value": " ",
  },
  Token {
    "type": "Word",
    "value": "finibus",
  },
  Token {
    "type": "WhiteSpace",
    "value": " ",
  },
  Token {
    "type": "Word",
    "value": "turpis",
  },
  Token {
    "type": "WhiteSpace",
    "value": " ",
  },
  Token {
    "type": "Word",
    "value": "eu",
  },
  Token {
    "type": "WhiteSpace",
    "value": " ",
  },
  Token {
    "type": "Word",
    "value": "mauris",
  },
  Token {
    "type": "WhiteSpace",
    "value": " ",
  },
  Token {
    "type": "Word",
    "value": "commodo",
  },
  Token {
    "type": "Symbol",
    "value": ",",
  },
  Token {
    "type": "WhiteSpace",
    "value": " ",
  },
  Token {
    "type": "Word",
    "value": "ac",
  },
  Token {
    "type": "WhiteSpace",
    "value": " ",
  },
  Token {
    "type": "Word",
    "value": "porta",
  },
  Token {
    "type": "WhiteSpace",
    "value": " ",
  },
  Token {
    "type": "Word",
    "value": "lacus",
  },
  Token {
    "type": "WhiteSpace",
    "value": " ",
  },
  Token {
    "type": "Word",
    "value": "vehicula",
  },
  Token {
    "type": "Symbol",
    "value": ".",
  },
  Token {
    "type": "BreakLine",
    "value": "
",
  },
  Token {
    "type": "BreakLine",
    "value": "
",
  },
  Token {
    "type": "Word",
    "value": "Praesent",
  },
  Token {
    "type": "WhiteSpace",
    "value": " ",
  },
  Token {
    "type": "Word",
    "value": "sed",
  },
  Token {
    "type": "WhiteSpace",
    "value": " ",
  },
  Token {
    "type": "Word",
    "value": "leo",
  },
  Token {
    "type": "WhiteSpace",
    "value": " ",
  },
  Token {
    "type": "Word",
    "value": "sapien",
  },
  Token {
    "type": "Symbol",
    "value": ".",
  },
  Token {
    "type": "WhiteSpace",
    "value": " ",
  },
  Token {
    "type": "Word",
    "value": "In",
  },
  Token {
    "type": "WhiteSpace",
    "value": " ",
  },
  Token {
    "type": "Word",
    "value": "eu",
  },
  Token {
    "type": "WhiteSpace",
    "value": " ",
  },
  Token {
    "type": "Word",
    "value": "aliquam",
  },
  Token {
    "type": "WhiteSpace",
    "value": " ",
  },
  Token {
    "type": "Word",
    "value": "nunc",
  },
  Token {
    "type": "Symbol",
    "value": ",",
  },
  Token {
    "type": "WhiteSpace",
    "value": " ",
  },
  Token {
    "type": "Word",
    "value": "non",
  },
  Token {
    "type": "WhiteSpace",
    "value": " ",
  },
  Token {
    "type": "Word",
    "value": "rutrum",
  },
  Token {
    "type": "WhiteSpace",
    "value": " ",
  },
  Token {
    "type": "Word",
    "value": "lectus",
  },
  Token {
    "type": "Symbol",
    "value": ".",
  },
  Token {
    "type": "BreakLine",
    "value": "
",
  },
  Token {
    "type": "BreakLine",
    "value": "
",
  },
  Token {
    "type": "Word",
    "value": "Cras",
  },
  Token {
    "type": "WhiteSpace",
    "value": " ",
  },
  Token {
    "type": "Word",
    "value": "pharetra",
  },
  Token {
    "type": "WhiteSpace",
    "value": " ",
  },
  Token {
    "type": "Word",
    "value": "velit",
  },
  Token {
    "type": "WhiteSpace",
    "value": " ",
  },
  Token {
    "type": "Word",
    "value": "odio",
  },
  Token {
    "type": "Symbol",
    "value": ",",
  },
  Token {
    "type": "WhiteSpace",
    "value": " ",
  },
  Token {
    "type": "Word",
    "value": "sit",
  },
  Token {
    "type": "WhiteSpace",
    "value": " ",
  },
  Token {
    "type": "Word",
    "value": "amet",
  },
  Token {
    "type": "WhiteSpace",
    "value": " ",
  },
  Token {
    "type": "Word",
    "value": "sollicitudin",
  },
  Token {
    "type": "WhiteSpace",
    "value": " ",
  },
  Token {
    "type": "Word",
    "value": "lorem",
  },
  Token {
    "type": "WhiteSpace",
    "value": " ",
  },
  Token {
    "type": "Word",
    "value": "gravida",
  },
  Token {
    "type": "WhiteSpace",
    "value": " ",
  },
  Token {
    "type": "Word",
    "value": "ut",
  },
  Token {
    "type": "Symbol",
    "value": ".",
  },
  Token {
    "type": "BreakLine",
    "value": "
",
  },
  Token {
    "type": "BreakLine",
    "value": "
",
  },
  Token {
    "type": "Word",
    "value": "Sed",
  },
  Token {
    "type": "WhiteSpace",
    "value": " ",
  },
  Token {
    "type": "Word",
    "value": "non",
  },
  Token {
    "type": "WhiteSpace",
    "value": " ",
  },
  Token {
    "type": "Word",
    "value": "sem",
  },
  Token {
    "type": "WhiteSpace",
    "value": " ",
  },
  Token {
    "type": "Word",
    "value": "purus",
  },
  Token {
    "type": "Symbol",
    "value": ".",
  },
  Token {
    "type": "WhiteSpace",
    "value": " ",
  },
  Token {
    "type": "Word",
    "value": "Donec",
  },
  Token {
    "type": "WhiteSpace",
    "value": " ",
  },
  Token {
    "type": "Word",
    "value": "cursus",
  },
  Token {
    "type": "WhiteSpace",
    "value": " ",
  },
  Token {
    "type": "Word",
    "value": "at",
  },
  Token {
    "type": "WhiteSpace",
    "value": " ",
  },
  Token {
    "type": "Word",
    "value": "elit",
  },
  Token {
    "type": "WhiteSpace",
    "value": " ",
  },
  Token {
    "type": "Word",
    "value": "vulputate",
  },
  Token {
    "type": "WhiteSpace",
    "value": " ",
  },
  Token {
    "type": "Word",
    "value": "commodo",
  },
  Token {
    "type": "Symbol",
    "value": ".",
  },
  Token {
    "type": "BreakLine",
    "value": "
",
  },
  Token {
    "type": "BreakLine",
    "value": "
",
  },
  Token {
    "type": "Word",
    "value": "Curabitur",
  },
  Token {
    "type": "WhiteSpace",
    "value": " ",
  },
  Token {
    "type": "Word",
    "value": "venenatis",
  },
  Token {
    "type": "WhiteSpace",
    "value": " ",
  },
  Token {
    "type": "Word",
    "value": "justo",
  },
  Token {
    "type": "WhiteSpace",
    "value": " ",
  },
  Token {
    "type": "Word",
    "value": "eu",
  },
  Token {
    "type": "WhiteSpace",
    "value": " ",
  },
  Token {
    "type": "Word",
    "value": "risus",
  },
  Token {
    "type": "WhiteSpace",
    "value": " ",
  },
  Token {
    "type": "Word",
    "value": "maximus",
  },
  Token {
    "type": "WhiteSpace",
    "value": " ",
  },
  Token {
    "type": "Word",
    "value": "viverra",
  },
  Token {
    "type": "Symbol",
    "value": ".",
  },
  Token {
    "type": "WhiteSpace",
    "value": " ",
  },
  Token {
    "type": "Word",
    "value": "Morbi",
  },
  Token {
    "type": "WhiteSpace",
    "value": " ",
  },
  Token {
    "type": "Word",
    "value": "ligula",
  },
  Token {
    "type": "WhiteSpace",
    "value": " ",
  },
  Token {
    "type": "Word",
    "value": "magna",
  },
  Token {
    "type": "Symbol",
    "value": ",",
  },
  Token {
    "type": "WhiteSpace",
    "value": " ",
  },
  Token {
    "type": "Word",
    "value": "semper",
  },
  Token {
    "type": "WhiteSpace",
    "value": " ",
  },
  Token {
    "type": "Word",
    "value": "nec",
  },
  Token {
    "type": "WhiteSpace",
    "value": " ",
  },
  Token {
    "type": "Word",
    "value": "tincidunt",
  },
  Token {
    "type": "WhiteSpace",
    "value": " ",
  },
  Token {
    "type": "Word",
    "value": "in",
  },
  Token {
    "type": "Symbol",
    "value": ",",
  },
  Token {
    "type": "WhiteSpace",
    "value": " ",
  },
  Token {
    "type": "Word",
    "value": "accumsan",
  },
  Token {
    "type": "WhiteSpace",
    "value": " ",
  },
  Token {
    "type": "Word",
    "value": "non",
  },
  Token {
    "type": "WhiteSpace",
    "value": " ",
  },
  Token {
    "type": "Word",
    "value": "nulla",
  },
  Token {
    "type": "Symbol",
    "value": ".",
  },
  Token {
    "type": "BreakLine",
    "value": "
",
  },
  Token {
    "type": "BreakLine",
    "value": "
",
  },
  Token {
    "type": "Word",
    "value": "Etiam",
  },
  Token {
    "type": "WhiteSpace",
    "value": " ",
  },
  Token {
    "type": "Word",
    "value": "ut",
  },
  Token {
    "type": "WhiteSpace",
    "value": " ",
  },
  Token {
    "type": "Word",
    "value": "vehicula",
  },
  Token {
    "type": "WhiteSpace",
    "value": " ",
  },
  Token {
    "type": "Word",
    "value": "ipsum",
  },
  Token {
    "type": "Symbol",
    "value": ".",
  },
  Token {
    "type": "WhiteSpace",
    "value": " ",
  },
  Token {
    "type": "Word",
    "value": "Vivamus",
  },
  Token {
    "type": "WhiteSpace",
    "value": " ",
  },
  Token {
    "type": "Word",
    "value": "viverra",
  },
  Token {
    "type": "WhiteSpace",
    "value": " ",
  },
  Token {
    "type": "Word",
    "value": "odio",
  },
  Token {
    "type": "WhiteSpace",
    "value": " ",
  },
  Token {
    "type": "Word",
    "value": "eu",
  },
  Token {
    "type": "WhiteSpace",
    "value": " ",
  },
  Token {
    "type": "Word",
    "value": "auctor",
  },
  Token {
    "type": "WhiteSpace",
    "value": " ",
  },
  Token {
    "type": "Word",
    "value": "pharetra",
  },
  Token {
    "type": "Symbol",
    "value": ".",
  },
  Token {
    "type": "WhiteSpace",
    "value": " ",
  },
  Token {
    "type": "Word",
    "value": "Sed",
  },
  Token {
    "type": "WhiteSpace",
    "value": " ",
  },
  Token {
    "type": "Word",
    "value": "elit",
  },
  Token {
    "type": "WhiteSpace",
    "value": " ",
  },
  Token {
    "type": "Word",
    "value": "nunc",
  },
  Token {
    "type": "Symbol",
    "value": ",",
  },
  Token {
    "type": "WhiteSpace",
    "value": " ",
  },
  Token {
    "type": "Word",
    "value": "viverra",
  },
  Token {
    "type": "WhiteSpace",
    "value": " ",
  },
  Token {
    "type": "Word",
    "value": "id",
  },
  Token {
    "type": "WhiteSpace",
    "value": " ",
  },
  Token {
    "type": "Word",
    "value": "gravida",
  },
  Token {
    "type": "WhiteSpace",
    "value": " ",
  },
  Token {
    "type": "Word",
    "value": "ut",
  },
  Token {
    "type": "Symbol",
    "value": ",",
  },
  Token {
    "type": "WhiteSpace",
    "value": " ",
  },
  Token {
    "type": "Word",
    "value": "convallis",
  },
  Token {
    "type": "WhiteSpace",
    "value": " ",
  },
  Token {
    "type": "Word",
    "value": "blandit",
  },
  Token {
    "type": "WhiteSpace",
    "value": " ",
  },
  Token {
    "type": "Word",
    "value": "sem",
  },
  Token {
    "type": "Symbol",
    "value": ".",
  },
  Token {
    "type": "EndOfFile",
    "value": "",
  },
]
`;

exports[`lexer > should tokenize fixtures ../tests/fixtures/heading.01.md 1`] = `
[
  Token {
    "type": "Symbol",
    "value": "#",
  },
  Token {
    "type": "Symbol",
    "value": "#",
  },
  Token {
    "type": "Symbol",
    "value": "#",
  },
  Token {
    "type": "WhiteSpace",
    "value": " ",
  },
  Token {
    "type": "Word",
    "value": "Title",
  },
  Token {
    "type": "EndOfFile",
    "value": "",
  },
]
`;

exports[`lexer > should tokenize fixtures ../tests/fixtures/heading.02.md 1`] = `
[
  Token {
    "type": "Symbol",
    "value": "#",
  },
  Token {
    "type": "WhiteSpace",
    "value": " ",
  },
  Token {
    "type": "Word",
    "value": "Hello",
  },
  Token {
    "type": "WhiteSpace",
    "value": " ",
  },
  Token {
    "type": "Word",
    "value": "123",
  },
  Token {
    "type": "EndOfFile",
    "value": "",
  },
]
`;

exports[`lexer > should tokenize fixtures ../tests/fixtures/heading.03.md 1`] = `
[
  Token {
    "type": "Symbol",
    "value": "#",
  },
  Token {
    "type": "WhiteSpace",
    "value": " ",
  },
  Token {
    "type": "Word",
    "value": "Heading",
  },
  Token {
    "type": "WhiteSpace",
    "value": " ",
  },
  Token {
    "type": "Word",
    "value": "1",
  },
  Token {
    "type": "BreakLine",
    "value": "
",
  },
  Token {
    "type": "BreakLine",
    "value": "
",
  },
  Token {
    "type": "Symbol",
    "value": "#",
  },
  Token {
    "type": "Symbol",
    "value": "#",
  },
  Token {
    "type": "WhiteSpace",
    "value": " ",
  },
  Token {
    "type": "Word",
    "value": "Heading",
  },
  Token {
    "type": "WhiteSpace",
    "value": " ",
  },
  Token {
    "type": "Word",
    "value": "2",
  },
  Token {
    "type": "BreakLine",
    "value": "
",
  },
  Token {
    "type": "BreakLine",
    "value": "
",
  },
  Token {
    "type": "Symbol",
    "value": "#",
  },
  Token {
    "type": "Symbol",
    "value": "#",
  },
  Token {
    "type": "Symbol",
    "value": "#",
  },
  Token {
    "type": "WhiteSpace",
    "value": " ",
  },
  Token {
    "type": "Word",
    "value": "Heading",
  },
  Token {
    "type": "WhiteSpace",
    "value": " ",
  },
  Token {
    "type": "Word",
    "value": "3",
  },
  Token {
    "type": "BreakLine",
    "value": "
",
  },
  Token {
    "type": "BreakLine",
    "value": "
",
  },
  Token {
    "type": "Symbol",
    "value": "#",
  },
  Token {
    "type": "Symbol",
    "value": "#",
  },
  Token {
    "type": "Symbol",
    "value": "#",
  },
  Token {
    "type": "Symbol",
    "value": "#",
  },
  Token {
    "type": "WhiteSpace",
    "value": " ",
  },
  Token {
    "type": "Word",
    "value": "Heading",
  },
  Token {
    "type": "WhiteSpace",
    "value": " ",
  },
  Token {
    "type": "Word",
    "value": "4",
  },
  Token {
    "type": "BreakLine",
    "value": "
",
  },
  Token {
    "type": "BreakLine",
    "value": "
",
  },
  Token {
    "type": "Symbol",
    "value": "#",
  },
  Token {
    "type": "Symbol",
    "value": "#",
  },
  Token {
    "type": "Symbol",
    "value": "#",
  },
  Token {
    "type": "Symbol",
    "value": "#",
  },
  Token {
    "type": "Symbol",
    "value": "#",
  },
  Token {
    "type": "WhiteSpace",
    "value": " ",
  },
  Token {
    "type": "Word",
    "value": "Heading",
  },
  Token {
    "type": "WhiteSpace",
    "value": " ",
  },
  Token {
    "type": "Word",
    "value": "5",
  },
  Token {
    "type": "BreakLine",
    "value": "
",
  },
  Token {
    "type": "BreakLine",
    "value": "
",
  },
  Token {
    "type": "Symbol",
    "value": "#",
  },
  Token {
    "type": "Symbol",
    "value": "#",
  },
  Token {
    "type": "Symbol",
    "value": "#",
  },
  Token {
    "type": "Symbol",
    "value": "#",
  },
  Token {
    "type": "Symbol",
    "value": "#",
  },
  Token {
    "type": "Symbol",
    "value": "#",
  },
  Token {
    "type": "WhiteSpace",
    "value": " ",
  },
  Token {
    "type": "Word",
    "value": "Heading",
  },
  Token {
    "type": "WhiteSpace",
    "value": " ",
  },
  Token {
    "type": "Word",
    "value": "6",
  },
  Token {
    "type": "EndOfFile",
    "value": "",
  },
]
`;

exports[`lexer > should tokenize fixtures ../tests/fixtures/setup.01.md 1`] = `
[
  Token {
    "type": "Symbol",
    "value": ":",
  },
  Token {
    "type": "Symbol",
    "value": ":",
  },
  Token {
    "type": "WhiteSpace",
    "value": " ",
  },
  Token {
    "type": "Word",
    "value": "setup",
  },
  Token {
    "type": "BreakLine",
    "value": "
",
  },
  Token {
    "type": "WhiteSpace",
    "value": "    ",
  },
  Token {
    "type": "Word",
    "value": "import",
  },
  Token {
    "type": "WhiteSpace",
    "value": " ",
  },
  Token {
    "type": "Symbol",
    "value": "{",
  },
  Token {
    "type": "WhiteSpace",
    "value": " ",
  },
  Token {
    "type": "Word",
    "value": "usePage",
  },
  Token {
    "type": "WhiteSpace",
    "value": " ",
  },
  Token {
    "type": "Symbol",
    "value": "}",
  },
  Token {
    "type": "WhiteSpace",
    "value": " ",
  },
  Token {
    "type": "Word",
    "value": "from",
  },
  Token {
    "type": "WhiteSpace",
    "value": " ",
  },
  Token {
    "type": "Symbol",
    "value": "'",
  },
  Token {
    "type": "Symbol",
    "value": "#",
  },
  Token {
    "type": "Word",
    "value": "app",
  },
  Token {
    "type": "Symbol",
    "value": "'",
  },
  Token {
    "type": "BreakLine",
    "value": "
",
  },
  Token {
    "type": "BreakLine",
    "value": "
",
  },
  Token {
    "type": "WhiteSpace",
    "value": "    ",
  },
  Token {
    "type": "Word",
    "value": "const",
  },
  Token {
    "type": "WhiteSpace",
    "value": " ",
  },
  Token {
    "type": "Word",
    "value": "page",
  },
  Token {
    "type": "WhiteSpace",
    "value": " ",
  },
  Token {
    "type": "Symbol",
    "value": "=",
  },
  Token {
    "type": "WhiteSpace",
    "value": " ",
  },
  Token {
    "type": "Word",
    "value": "usePage",
  },
  Token {
    "type": "Symbol",
    "value": "(",
  },
  Token {
    "type": "Symbol",
    "value": ")",
  },
  Token {
    "type": "BreakLine",
    "value": "
",
  },
  Token {
    "type": "BreakLine",
    "value": "
",
  },
  Token {
    "type": "WhiteSpace",
    "value": "    ",
  },
  Token {
    "type": "Word",
    "value": "nani",
  },
  Token {
    "type": "BreakLine",
    "value": "
",
  },
  Token {
    "type": "BreakLine",
    "value": "
",
  },
  Token {
    "type": "WhiteSpace",
    "value": "    ",
  },
  Token {
    "type": "Word",
    "value": "page",
  },
  Token {
    "type": "BreakLine",
    "value": "
",
  },
  Token {
    "type": "WhiteSpace",
    "value": "        ",
  },
  Token {
    "type": "Symbol",
    "value": ".",
  },
  Token {
    "type": "Word",
    "value": "setBodyColor",
  },
  Token {
    "type": "Symbol",
    "value": "(",
  },
  Token {
    "type": "Symbol",
    "value": "'",
  },
  Token {
    "type": "Symbol",
    "value": "#",
  },
  Token {
    "type": "Word",
    "value": "000",
  },
  Token {
    "type": "Symbol",
    "value": "'",
  },
  Token {
    "type": "Symbol",
    "value": ")",
  },
  Token {
    "type": "BreakLine",
    "value": "
",
  },
  Token {
    "type": "WhiteSpace",
    "value": "        ",
  },
  Token {
    "type": "Symbol",
    "value": ".",
  },
  Token {
    "type": "Word",
    "value": "setPadding",
  },
  Token {
    "type": "Symbol",
    "value": "(",
  },
  Token {
    "type": "Word",
    "value": "0",
  },
  Token {
    "type": "Symbol",
    "value": ")",
  },
  Token {
    "type": "BreakLine",
    "value": "
",
  },
  Token {
    "type": "BreakLine",
    "value": "
",
  },
  Token {
    "type": "BreakLine",
    "value": "
",
  },
  Token {
    "type": "EndOfFile",
    "value": "",
  },
]
`;

exports[`lexer > should tokenize fixtures ../tests/fixtures/setup.02.md 1`] = `
[
  Token {
    "type": "Symbol",
    "value": ":",
  },
  Token {
    "type": "Symbol",
    "value": ":",
  },
  Token {
    "type": "WhiteSpace",
    "value": " ",
  },
  Token {
    "type": "Word",
    "value": "setup",
  },
  Token {
    "type": "BreakLine",
    "value": "
",
  },
  Token {
    "type": "WhiteSpace",
    "value": "    ",
  },
  Token {
    "type": "Word",
    "value": "import",
  },
  Token {
    "type": "WhiteSpace",
    "value": " ",
  },
  Token {
    "type": "Symbol",
    "value": "{",
  },
  Token {
    "type": "WhiteSpace",
    "value": " ",
  },
  Token {
    "type": "Word",
    "value": "ref",
  },
  Token {
    "type": "WhiteSpace",
    "value": " ",
  },
  Token {
    "type": "Symbol",
    "value": "}",
  },
  Token {
    "type": "WhiteSpace",
    "value": " ",
  },
  Token {
    "type": "Word",
    "value": "from",
  },
  Token {
    "type": "WhiteSpace",
    "value": " ",
  },
  Token {
    "type": "Symbol",
    "value": "'",
  },
  Token {
    "type": "Word",
    "value": "vue",
  },
  Token {
    "type": "Symbol",
    "value": "'",
  },
  Token {
    "type": "BreakLine",
    "value": "
",
  },
  Token {
    "type": "BreakLine",
    "value": "
",
  },
  Token {
    "type": "WhiteSpace",
    "value": "    ",
  },
  Token {
    "type": "Word",
    "value": "const",
  },
  Token {
    "type": "WhiteSpace",
    "value": " ",
  },
  Token {
    "type": "Word",
    "value": "a",
  },
  Token {
    "type": "WhiteSpace",
    "value": " ",
  },
  Token {
    "type": "Symbol",
    "value": "=",
  },
  Token {
    "type": "WhiteSpace",
    "value": " ",
  },
  Token {
    "type": "Word",
    "value": "ref",
  },
  Token {
    "type": "Symbol",
    "value": "(",
  },
  Token {
    "type": "Word",
    "value": "0",
  },
  Token {
    "type": "Symbol",
    "value": ")",
  },
  Token {
    "type": "BreakLine",
    "value": "
",
  },
  Token {
    "type": "WhiteSpace",
    "value": "    ",
  },
  Token {
    "type": "Word",
    "value": "const",
  },
  Token {
    "type": "WhiteSpace",
    "value": " ",
  },
  Token {
    "type": "Word",
    "value": "b",
  },
  Token {
    "type": "WhiteSpace",
    "value": " ",
  },
  Token {
    "type": "Symbol",
    "value": "=",
  },
  Token {
    "type": "WhiteSpace",
    "value": " ",
  },
  Token {
    "type": "Word",
    "value": "ref",
  },
  Token {
    "type": "Symbol",
    "value": "(",
  },
  Token {
    "type": "Word",
    "value": "1",
  },
  Token {
    "type": "Symbol",
    "value": ")",
  },
  Token {
    "type": "BreakLine",
    "value": "
",
  },
  Token {
    "type": "BreakLine",
    "value": "
",
  },
  Token {
    "type": "WhiteSpace",
    "value": "    ",
  },
  Token {
    "type": "Word",
    "value": "const",
  },
  Token {
    "type": "WhiteSpace",
    "value": " ",
  },
  Token {
    "type": "Word",
    "value": "sum",
  },
  Token {
    "type": "WhiteSpace",
    "value": " ",
  },
  Token {
    "type": "Symbol",
    "value": "=",
  },
  Token {
    "type": "WhiteSpace",
    "value": " ",
  },
  Token {
    "type": "Word",
    "value": "computed",
  },
  Token {
    "type": "Symbol",
    "value": "(",
  },
  Token {
    "type": "Symbol",
    "value": "(",
  },
  Token {
    "type": "Symbol",
    "value": ")",
  },
  Token {
    "type": "WhiteSpace",
    "value": " ",
  },
  Token {
    "type": "Symbol",
    "value": "=",
  },
  Token {
    "type": "Symbol",
    "value": ">",
  },
  Token {
    "type": "WhiteSpace",
    "value": " ",
  },
  Token {
    "type": "Word",
    "value": "a",
  },
  Token {
    "type": "WhiteSpace",
    "value": " ",
  },
  Token {
    "type": "Symbol",
    "value": "+",
  },
  Token {
    "type": "WhiteSpace",
    "value": " ",
  },
  Token {
    "type": "Word",
    "value": "b",
  },
  Token {
    "type": "Symbol",
    "value": ")",
  },
  Token {
    "type": "BreakLine",
    "value": "
",
  },
  Token {
    "type": "BreakLine",
    "value": "
",
  },
  Token {
    "type": "WhiteSpace",
    "value": "    ",
  },
  Token {
    "type": "Word",
    "value": "function",
  },
  Token {
    "type": "WhiteSpace",
    "value": " ",
  },
  Token {
    "type": "Word",
    "value": "increment",
  },
  Token {
    "type": "Symbol",
    "value": "(",
  },
  Token {
    "type": "Symbol",
    "value": ")",
  },
  Token {
    "type": "Symbol",
    "value": "{",
  },
  Token {
    "type": "BreakLine",
    "value": "
",
  },
  Token {
    "type": "WhiteSpace",
    "value": "        ",
  },
  Token {
    "type": "Word",
    "value": "a",
  },
  Token {
    "type": "Symbol",
    "value": ".",
  },
  Token {
    "type": "Word",
    "value": "value",
  },
  Token {
    "type": "Symbol",
    "value": "+",
  },
  Token {
    "type": "Symbol",
    "value": "+",
  },
  Token {
    "type": "BreakLine",
    "value": "
",
  },
  Token {
    "type": "WhiteSpace",
    "value": "        ",
  },
  Token {
    "type": "Word",
    "value": "b",
  },
  Token {
    "type": "Symbol",
    "value": ".",
  },
  Token {
    "type": "Word",
    "value": "value",
  },
  Token {
    "type": "Symbol",
    "value": "+",
  },
  Token {
    "type": "Symbol",
    "value": "+",
  },
  Token {
    "type": "BreakLine",
    "value": "
",
  },
  Token {
    "type": "WhiteSpace",
    "value": "    ",
  },
  Token {
    "type": "Symbol",
    "value": "}",
  },
  Token {
    "type": "BreakLine",
    "value": "
",
  },
  Token {
    "type": "BreakLine",
    "value": "
",
  },
  Token {
    "type": "BreakLine",
    "value": "
",
  },
  Token {
    "type": "Symbol",
    "value": "#",
  },
  Token {
    "type": "Symbol",
    "value": "#",
  },
  Token {
    "type": "Symbol",
    "value": "#",
  },
  Token {
    "type": "WhiteSpace",
    "value": " ",
  },
  Token {
    "type": "Word",
    "value": "Data",
  },
  Token {
    "type": "BreakLine",
    "value": "
",
  },
  Token {
    "type": "BreakLine",
    "value": "
",
  },
  Token {
    "type": "Word",
    "value": "Sum",
  },
  Token {
    "type": "Symbol",
    "value": ":",
  },
  Token {
    "type": "WhiteSpace",
    "value": " ",
  },
  Token {
    "type": "Symbol",
    "value": "{",
  },
  Token {
    "type": "Symbol",
    "value": "{",
  },
  Token {
    "type": "WhiteSpace",
    "value": " ",
  },
  Token {
    "type": "Word",
    "value": "sum",
  },
  Token {
    "type": "WhiteSpace",
    "value": " ",
  },
  Token {
    "type": "Symbol",
    "value": "}",
  },
  Token {
    "type": "Symbol",
    "value": "}",
  },
  Token {
    "type": "BreakLine",
    "value": "
",
  },
  Token {
    "type": "Word",
    "value": "A",
  },
  Token {
    "type": "Symbol",
    "value": ":",
  },
  Token {
    "type": "WhiteSpace",
    "value": " ",
  },
  Token {
    "type": "Symbol",
    "value": "{",
  },
  Token {
    "type": "Symbol",
    "value": "{",
  },
  Token {
    "type": "WhiteSpace",
    "value": " ",
  },
  Token {
    "type": "Word",
    "value": "a",
  },
  Token {
    "type": "WhiteSpace",
    "value": " ",
  },
  Token {
    "type": "Symbol",
    "value": "}",
  },
  Token {
    "type": "Symbol",
    "value": "}",
  },
  Token {
    "type": "BreakLine",
    "value": "
",
  },
  Token {
    "type": "Word",
    "value": "B",
  },
  Token {
    "type": "Symbol",
    "value": ":",
  },
  Token {
    "type": "WhiteSpace",
    "value": " ",
  },
  Token {
    "type": "Symbol",
    "value": "{",
  },
  Token {
    "type": "Symbol",
    "value": "{",
  },
  Token {
    "type": "WhiteSpace",
    "value": " ",
  },
  Token {
    "type": "Word",
    "value": "b",
  },
  Token {
    "type": "WhiteSpace",
    "value": " ",
  },
  Token {
    "type": "Symbol",
    "value": "}",
  },
  Token {
    "type": "Symbol",
    "value": "}",
  },
  Token {
    "type": "BreakLine",
    "value": "
",
  },
  Token {
    "type": "BreakLine",
    "value": "
",
  },
  Token {
    "type": "Symbol",
    "value": ":",
  },
  Token {
    "type": "Symbol",
    "value": ":",
  },
  Token {
    "type": "WhiteSpace",
    "value": " ",
  },
  Token {
    "type": "Word",
    "value": "script",
  },
  Token {
    "type": "Symbol",
    "value": "-",
  },
  Token {
    "type": "Word",
    "value": "btn",
  },
  Token {
    "type": "BreakLine",
    "value": "
",
  },
  Token {
    "type": "WhiteSpace",
    "value": "    ",
  },
  Token {
    "type": "Symbol",
    "value": "#",
  },
  Token {
    "type": "Word",
    "value": "label",
  },
  Token {
    "type": "Symbol",
    "value": "=",
  },
  Token {
    "type": "Symbol",
    "value": "\\"",
  },
  Token {
    "type": "Word",
    "value": "Update",
  },
  Token {
    "type": "Symbol",
    "value": "\\"",
  },
  Token {
    "type": "BreakLine",
    "value": "
",
  },
  Token {
    "type": "WhiteSpace",
    "value": "    
    ",
  },
  Token {
    "type": "Word",
    "value": "import",
  },
  Token {
    "type": "WhiteSpace",
    "value": " ",
  },
  Token {
    "type": "Symbol",
    "value": "{",
  },
  Token {
    "type": "WhiteSpace",
    "value": " ",
  },
  Token {
    "type": "Word",
    "value": "useBtn",
  },
  Token {
    "type": "Symbol",
    "value": ",",
  },
  Token {
    "type": "WhiteSpace",
    "value": " ",
  },
  Token {
    "type": "Word",
    "value": "usePage",
  },
  Token {
    "type": "WhiteSpace",
    "value": " ",
  },
  Token {
    "type": "Symbol",
    "value": "}",
  },
  Token {
    "type": "WhiteSpace",
    "value": " ",
  },
  Token {
    "type": "Word",
    "value": "from",
  },
  Token {
    "type": "WhiteSpace",
    "value": " ",
  },
  Token {
    "type": "Symbol",
    "value": "'",
  },
  Token {
    "type": "Symbol",
    "value": "#",
  },
  Token {
    "type": "Word",
    "value": "app",
  },
  Token {
    "type": "Symbol",
    "value": "'",
  },
  Token {
    "type": "BreakLine",
    "value": "
",
  },
  Token {
    "type": "BreakLine",
    "value": "
",
  },
  Token {
    "type": "WhiteSpace",
    "value": "    ",
  },
  Token {
    "type": "Word",
    "value": "const",
  },
  Token {
    "type": "WhiteSpace",
    "value": " ",
  },
  Token {
    "type": "Word",
    "value": "btn",
  },
  Token {
    "type": "WhiteSpace",
    "value": " ",
  },
  Token {
    "type": "Symbol",
    "value": "=",
  },
  Token {
    "type": "WhiteSpace",
    "value": " ",
  },
  Token {
    "type": "Word",
    "value": "useBtn",
  },
  Token {
    "type": "Symbol",
    "value": "(",
  },
  Token {
    "type": "Symbol",
    "value": ")",
  },
  Token {
    "type": "BreakLine",
    "value": "
",
  },
  Token {
    "type": "WhiteSpace",
    "value": "    ",
  },
  Token {
    "type": "Word",
    "value": "const",
  },
  Token {
    "type": "WhiteSpace",
    "value": " ",
  },
  Token {
    "type": "Word",
    "value": "page",
  },
  Token {
    "type": "WhiteSpace",
    "value": " ",
  },
  Token {
    "type": "Symbol",
    "value": "=",
  },
  Token {
    "type": "WhiteSpace",
    "value": " ",
  },
  Token {
    "type": "Word",
    "value": "usePage",
  },
  Token {
    "type": "Symbol",
    "value": "(",
  },
  Token {
    "type": "Symbol",
    "value": ")",
  },
  Token {
    "type": "BreakLine",
    "value": "
",
  },
  Token {
    "type": "BreakLine",
    "value": "
",
  },
  Token {
    "type": "WhiteSpace",
    "value": "    ",
  },
  Token {
    "type": "Word",
    "value": "btn",
  },
  Token {
    "type": "Symbol",
    "value": ".",
  },
  Token {
    "type": "Word",
    "value": "onClick",
  },
  Token {
    "type": "Symbol",
    "value": "(",
  },
  Token {
    "type": "Symbol",
    "value": "(",
  },
  Token {
    "type": "Symbol",
    "value": ")",
  },
  Token {
    "type": "WhiteSpace",
    "value": " ",
  },
  Token {
    "type": "Symbol",
    "value": "=",
  },
  Token {
    "type": "Symbol",
    "value": ">",
  },
  Token {
    "type": "WhiteSpace",
    "value": " ",
  },
  Token {
    "type": "Word",
    "value": "page",
  },
  Token {
    "type": "Symbol",
    "value": ".",
  },
  Token {
    "type": "Word",
    "value": "increment",
  },
  Token {
    "type": "Symbol",
    "value": "(",
  },
  Token {
    "type": "Symbol",
    "value": ")",
  },
  Token {
    "type": "Symbol",
    "value": ")",
  },
  Token {
    "type": "BreakLine",
    "value": "
",
  },
  Token {
    "type": "BreakLine",
    "value": "
",
  },
  Token {
    "type": "EndOfFile",
    "value": "",
  },
]
`;
